// Jest Snapshot v1, https://goo.gl/fbAQLP

exports[`Describe Vehicle Component Test the create vehicle button functionality and modal 1`] = `undefined`;
